###############################################################################
#
# IAR ELF Linker V9.20.2.320/W64 for ARM                  11/Jun/2023  13:04:53
# Copyright 2007-2021 IAR Systems AB.
#
#    Output file  =
#        D:\Users\boe\Documents\BoE\git\ewarm\callgraph\arm9202\Debug\Exe\tp.out
#    Map file     =
#        D:\Users\boe\Documents\BoE\git\ewarm\callgraph\arm9202\Debug\List\tp.map
#    Command line =
#        -f
#        D:\Users\boe\Documents\BoE\git\ewarm\callgraph\arm9202\Debug\Exe\tp.out.rsp
#        (D:\Users\boe\Documents\BoE\git\ewarm\callgraph\arm9202\Debug\Obj\cgt.o
#        D:\Users\boe\Documents\BoE\git\ewarm\callgraph\arm9202\Debug\Obj\main.o
#        --no_out_extension -o
#        D:\Users\boe\Documents\BoE\git\ewarm\callgraph\arm9202\Debug\Exe\tp.out
#        --redirect _Printf=_PrintfFullNoMb --redirect _Scanf=_ScanfFullNoMb
#        --map
#        D:\Users\boe\Documents\BoE\git\ewarm\callgraph\arm9202\Debug\List\tp.map
#        --config "C:\Program Files\IAR Systems\arm_9202ks-Embedded Workbench
#        9.0\arm\config\linker\ST\stm32f107xC.icf" --semihosting --entry
#        __iar_program_start --vfe --enable_stack_usage --call_graph
#        D:\Users\boe\Documents\BoE\git\ewarm\callgraph\arm9202/CallGraph.xml
#        --text_out locale)
#
###############################################################################

*******************************************************************************
*** RUNTIME MODEL ATTRIBUTES
***

CppFlavor       = *
__CPP_Runtime   = 1
__SystemLibrary = DLib
__dlib_version  = 6


*******************************************************************************
*** HEAP SELECTION
***

The basic heap was selected because some modules are built with
size limitations (and not runtime checking), and --advanced_heap
was not specified.


*******************************************************************************
*** PLACEMENT SUMMARY
***

"A0":  place at address 0x800'0000 { ro section .intvec };
"P1":  place in [from 0x800'0000 to 0x803'ffff] { ro };
define block CSTACK with size = 4K, alignment = 8 { };
define block HEAP with size = 4K, alignment = 8 { };
"P2":  place in [from 0x2000'0000 to 0x2000'ffff] {
          rw, block CSTACK, block HEAP };
initialize by copy { rw };

  Section            Kind         Address    Size  Object
  -------            ----         -------    ----  ------
"A0":                                        0x40
  .intvec            ro code   0x800'0000    0x40  vector_table_M.o [3]
                             - 0x800'0040    0x40

"P1":                                       0x110
  .text              ro code   0x800'0040    0x2a  copy_init3.o [3]
  .text              ro code   0x800'006a     0x2  vectortrap_M.o [3]
  .text              ro code   0x800'006c    0x28  data_init.o [3]
  Initializer bytes  const     0x800'0094    0x24  <for P2-1>
  .iar.init_table    const     0x800'00b8    0x14  - Linker created -
  .text              ro code   0x800'00cc    0x1e  cmain.o [3]
  .text              ro code   0x800'00ea     0x4  low_level_init.o [2]
  .text              ro code   0x800'00ee     0xa  main.o [1]
  .text              ro code   0x800'00f8     0x4  exit.o [2]
  .text              ro code   0x800'00fc    0x18  cgt.o [1]
  .text              ro code   0x800'0114     0xa  cexit.o [3]
  .text              ro code   0x800'0120    0x14  exit.o [4]
  .text              ro code   0x800'0134    0x1c  cstartup_M.o [3]
  .rodata            const     0x800'0150     0x0  copy_init3.o [3]
                             - 0x800'0150   0x110

"P2", part 1 of 2:                           0x24
  P2-1                        0x2000'0000    0x24  <Init block>
    .data            inited   0x2000'0000    0x24  cgt.o [1]
                            - 0x2000'0024    0x24

"P2", part 2 of 2:                         0x1000
  CSTACK                      0x2000'0028  0x1000  <Block>
    CSTACK           uninit   0x2000'0028  0x1000  <Block tail>
                            - 0x2000'1028  0x1000

Unused ranges:

         From           To      Size
         ----           --      ----
   0x800'0150   0x803'ffff  0x3'feb0
  0x2000'0024  0x2000'0027       0x4
  0x2000'1028  0x2000'ffff    0xefd8


*******************************************************************************
*** INIT TABLE
***

          Address      Size
          -------      ----
Copy (__iar_copy_init3)
    1 source range, total size 0x24:
           0x800'0094  0x24
    1 destination range, total size 0x24:
          0x2000'0000  0x24


*******************************************************************************
*** STACK USAGE
***

  Call Graph Root Category  Max Use  Total Use
  ------------------------  -------  ---------
  interrupt                      0          0
  Program entry                 16         16


Program entry
  "__iar_program_start": 0x800'0135

  Maximum call chain                               16  bytes

    "__iar_program_start"                           0
    "__cmain"                                       0
    "main"                                          8
    "cgt1"                                          8
    "cgt2"                                          0

interrupt
  "__default_handler" in vectortrap_M.o [3]: 0x800'006b

  Maximum call chain                                0  bytes

    "__default_handler" in vectortrap_M.o [3]       0


*******************************************************************************
*** MODULE SUMMARY
***

    Module            ro code  ro data  rw data
    ------            -------  -------  -------
command line/config:
    -------------------------------------------
    Total:

D:\Users\boe\Documents\BoE\git\ewarm\callgraph\arm9202\Debug\Obj: [1]
    cgt.o                  24       36       36
    main.o                 10
    -------------------------------------------
    Total:                 34       36       36

dl7M_tln.a: [2]
    exit.o                  4
    low_level_init.o        4
    -------------------------------------------
    Total:                  8

rt7M_tl.a: [3]
    cexit.o                10
    cmain.o                30
    copy_init3.o           42
    cstartup_M.o           28
    data_init.o            40
    vector_table_M.o       64
    vectortrap_M.o          2
    -------------------------------------------
    Total:                216

shb_l.a: [4]
    exit.o                 20
    -------------------------------------------
    Total:                 20

    Gaps                    2
    Linker created                  20    4'096
-----------------------------------------------
    Grand Total:          280       56    4'132


*******************************************************************************
*** ENTRY LIST
***

Entry                       Address  Size  Type      Object
-----                       -------  ----  ----      ------
.iar.init_table$$Base    0x800'00b8         --   Gb  - Linker created -
.iar.init_table$$Limit   0x800'00cc         --   Gb  - Linker created -
?main                    0x800'00cd        Code  Gb  cmain.o [3]
BusFault_Handler         0x800'006b        Code  Wk  vectortrap_M.o [3]
CSTACK$$Base            0x2000'0028         --   Gb  - Linker created -
CSTACK$$Limit           0x2000'1028         --   Gb  - Linker created -
DebugMon_Handler         0x800'006b        Code  Wk  vectortrap_M.o [3]
HardFault_Handler        0x800'006b        Code  Wk  vectortrap_M.o [3]
MemManage_Handler        0x800'006b        Code  Wk  vectortrap_M.o [3]
NMI_Handler              0x800'006b        Code  Wk  vectortrap_M.o [3]
PendSV_Handler           0x800'006b        Code  Wk  vectortrap_M.o [3]
Region$$Table$$Base      0x800'00b8         --   Gb  - Linker created -
Region$$Table$$Limit     0x800'00cc         --   Gb  - Linker created -
SVC_Handler              0x800'006b        Code  Wk  vectortrap_M.o [3]
SysTick_Handler          0x800'006b        Code  Wk  vectortrap_M.o [3]
UsageFault_Handler       0x800'006b        Code  Wk  vectortrap_M.o [3]
__cmain                  0x800'00cd        Code  Gb  cmain.o [3]
__exit                   0x800'0121  0x14  Code  Gb  exit.o [4]
__iar_copy_init3         0x800'0041  0x2a  Code  Gb  copy_init3.o [3]
__iar_data_init3         0x800'006d  0x28  Code  Gb  data_init.o [3]
__iar_program_start      0x800'0135        Code  Gb  cstartup_M.o [3]
__low_level_init         0x800'00eb   0x4  Code  Gb  low_level_init.o [2]
__vector_table           0x800'0000        Data  Gb  vector_table_M.o [3]
_call_main               0x800'00d9        Code  Gb  cmain.o [3]
_exit                    0x800'0115        Code  Gb  cexit.o [3]
cgt1                     0x800'00fd  0x10  Code  Gb  cgt.o [1]
cgt2                     0x800'0111   0x4  Code  Gb  cgt.o [1]
exit                     0x800'00f9   0x4  Code  Gb  exit.o [2]
ia                      0x2000'0000  0x24  Data  Lc  cgt.o [1]
main                     0x800'00ef   0xa  Code  Gb  main.o [1]


[1] = D:\Users\boe\Documents\BoE\git\ewarm\callgraph\arm9202\Debug\Obj
[2] = dl7M_tln.a
[3] = rt7M_tl.a
[4] = shb_l.a

    280 bytes of readonly  code memory
     56 bytes of readonly  data memory
  4'132 bytes of readwrite data memory

Errors: none
Warnings: none
